- ðŸ‘‹ Hi, Iâ€™m @Saiful01819
- ðŸ‘€ Iâ€™m interesteMtk-easy-su 2.1.0
extracted magisk-boot.sh
extracted 32/magiskinit
extracted 64/magiskinit
extracted 32/mtk-su
extracted 64/mtk-su
[0] 

[0] 13

[0] Tue Feb 25 06:36:43 +06 2025

[0] /data/user/0/juniojsv.mtk.easy.su/files:
total 14K
drwx------ 2 u0_a240 3.3K 2025-02-25 06:36 32
drwx------ 2 u0_a240 3.3K 2025-02-25 06:36 64
-rw------- 1 u0_a240  566 2025-02-25 06:03 PersistedInstallation.W0RFRkFVTFRd+MTo2OTczNzY1NDAxNDphbmRyb2lkOjIzZGMwMWQyYTRjOWQzYmY2ZjI3YWY.json
-rw------- 1 u0_a240    0 2025-02-25 06:03 generatefid.lock
-r-x--x--- 1 u0_a240 2.8K 2025-02-25 06:36 magisk-boot.sh

/data/user/0/juniojsv.mtk.easy.su/files/32:
total 436K
-r-x--x--- 1 u0_a240 373K 2025-02-25 06:36 magiskinit
-r-x--x--- 1 u0_a240  59K 2025-02-25 06:36 mtk-su

/data/user/0/juniojsv.mtk.easy.su/files/64:
total 460K
lrwxrwxrwx 1 u0_a240   10 2025-02-25 06:07 magisk -> magiskinit
-r-x--x--- 1 u0_a240 393K 2025-02-25 06:36 magiskinit
lrwxrwxrwx 1 u0_a240   10 2025-02-25 06:07 magiskpolicy -> magiskinit
-r-x--x--- 1 u0_a240  64K 2025-02-25 06:36 mtk-su

[0] processor	: 0
BogoMIPS	: 52.00
Features	: fp asimd evtstrm aes pmull sha1 sha2 crc32 atomics fphp asimdhp cpuid asimdrdm lrcpc dcpop asimddp
CPU implementer	: 0x41
CPU architecture: 8
CPU variant	: 0x2
CPU part	: 0xd05
CPU revision	: 0

processor	: 1
BogoMIPS	: 52.00
Features	: fp asimd evtstrm aes pmull sha1 sha2 crc32 atomics fphp asimdhp cpuid asimdrdm lrcpc dcpop asimddp
CPU implementer	: 0x41
CPU architecture: 8
CPU variant	: 0x2
CPU part	: 0xd05
CPU revision	: 0

processor	: 2
BogoMIPS	: 52.00
Features	: fp asimd evtstrm aes pmull sha1 sha2 crc32 atomics fphp asimdhp cpuid asimdrdm lrcpc dcpop asimddp
CPU implementer	: 0x41
CPU architecture: 8
CPU variant	: 0x2
CPU part	: 0xd05
CPU revision	: 0

processor	: 3
BogoMIPS	: 52.00
Features	: fp asimd evtstrm aes pmull sha1 sha2 crc32 atomics fphp asimdhp cpuid asimdrdm lrcpc dcpop asimddp
CPU implementer	: 0x41
CPU architecture: 8
CPU variant	: 0x2
CPU part	: 0xd05
CPU revision	: 0

processor	: 4
BogoMIPS	: 52.00
Features	: fp asimd evtstrm aes pmull sha1 sha2 crc32 atomics fphp asimdhp cpuid asimdrdm lrcpc dcpop asimddp
CPU implementer	: 0x41
CPU architecture: 8
CPU variant	: 0x2
CPU part	: 0xd05
CPU revision	: 0

processor	: 5
BogoMIPS	: 52.00
Features	: fp asimd evtstrm aes pmull sha1 sha2 crc32 atomics fphp asimdhp cpuid asimdrdm lrcpc dcpop asimddp
CPU implementer	: 0x41
CPU architecture: 8
CPU variant	: 0x2
CPU part	: 0xd05
CPU revision	: 0

processor	: 6
BogoMIPS	: 52.00
Features	: fp asimd evtstrm aes pmull sha1 sha2 crc32 atomics fphp asimdhp cpuid asimdrdm lrcpc dcpop asimddp
CPU implementer	: 0x41
CPU architecture: 8
CPU variant	: 0x3
CPU part	: 0xd0a
CPU revision	: 1

processor	: 7
BogoMIPS	: 52.00
Features	: fp asimd evtstrm aes pmull sha1 sha2 crc32 atomics fphp asimdhp cpuid asimdrdm lrcpc dcpop asimddp
CPU implementer	: 0x41
CPU architecture: 8
CPU variant	: 0x3
CPU part	: 0xd0a
CPU revision	: 1

Serial		: 007434c20415ca8a
Hardware	: Unisoc T616

[0] MemTotal:        7959452 kB
MemFree:         1160404 kB
MemAvailable:    4923816 kB
Buffers:            7532 kB
Cached:          3763672 kB
SwapCached:        46052 kB
Active:          3382692 kB
Inactive:        1887808 kB
Active(anon):    1215428 kB
Inactive(anon):   390748 kB
Active(file):    2167264 kB
Inactive(file):  1497060 kB
Unevictable:       75888 kB
Mlocked:           75888 kB
SwapTotal:       4934856 kB
SwapFree:        4055540 kB
Dirty:              5964 kB
Writeback:             0 kB
AnonPages:       1565292 kB
Mapped:          1258952 kB
Shmem:             32432 kB
KReclaimable:     259332 kB
Slab:             404112 kB
SReclaimable:     160652 kB
SUnreclaim:       243460 kB
KernelStack:       52912 kB
ShadowCallStack:   13240 kB
PageTables:        78108 kB
NFS_Unstable:          0 kB
Bounce:                0 kB
WritebackTmp:          0 kB
CommitLimit:     8914580 kB
Committed_AS:   68322520 kB
VmallocTotal:   262930368 kB
VmallocUsed:      141268 kB
VmallocChunk:          0 kB
Percpu:             9440 kB
AnonHugePages:         0 kB
ShmemHugePages:        0 kB
ShmemPmdMapped:        0 kB
FileHugePages:         0 kB
FilePmdMapped:         0 kB
CmaTotal:         315392 kB
CmaFree:          153472 kB
IonTotalHeap:     181692 kB
IonTotalPool:     102652 kB
HighAtomicFree:     3680 kB

[0] 		total        used        free      shared     buffers
Mem:       8150478848  6963019776  1187459072    33210368     7712768
-/+ buffers/cache:     6955307008  1195171840
Swap:      5053292544   900419584  4152872960

[1] cat: /proc/version: Permission denied

[126] /data/user/0/juniojsv.mtk.easy.su/files/magisk-boot.sh[124]: ./mtk-su: Permission denied

deleted magisk-boot.sh
deleted 32/magiskinit
deleted 64/magiskinit
deleted 32/mtk-su
deleted 64/mtk-su
